../Core/Src/code7seg.c:14:6:led7seg_0	8	static
../Core/Src/code7seg.c:23:6:led7seg_1	8	static
../Core/Src/code7seg.c:32:6:led7seg_2	8	static
../Core/Src/code7seg.c:41:6:led7seg_3	8	static
../Core/Src/code7seg.c:50:6:led7seg_4	8	static
../Core/Src/code7seg.c:59:6:led7seg_5	8	static
../Core/Src/code7seg.c:68:6:led7seg_6	8	static
../Core/Src/code7seg.c:77:6:led7seg_7	8	static
../Core/Src/code7seg.c:86:6:led7seg_8	8	static
../Core/Src/code7seg.c:95:6:led7seg_9	8	static
../Core/Src/code7seg.c:105:6:display7SEG	16	static
../Core/Src/code7seg.c:142:6:fsmled7seg	8	static
