23:13:24 **** Incremental Build of configuration Debug for project lab3_ex ****
make -j8 all 
arm-none-eabi-gcc "../Core/Src/fsm.c" -mcpu=cortex-m3 -std=gnu11 -g3 -DDEBUG -DUSE_HAL_DRIVER -DSTM32F103x6 -c -I../Core/Inc -I../Drivers/STM32F1xx_HAL_Driver/Inc/Legacy -I../Drivers/STM32F1xx_HAL_Driver/Inc -I../Drivers/CMSIS/Device/ST/STM32F1xx/Include -I../Drivers/CMSIS/Include -O0 -ffunction-sections -fdata-sections -Wall -fstack-usage -fcyclomatic-complexity -MMD -MP -MF"Core/Src/fsm.d" -MT"Core/Src/fsm.o" --specs=nano.specs -mfloat-abi=soft -mthumb -o "Core/Src/fsm.o"
../Core/Src/fsm.c: In function 'mode2':
../Core/Src/fsm.c:150:6: warning: implicit declaration of function 'isButton2Pressed' [-Wimplicit-function-declaration]
  150 |  if( isButton2Pressed() == 1) {
      |      ^~~~~~~~~~~~~~~~
../Core/Src/fsm.c:156:6: warning: implicit declaration of function 'isButton3Pressed' [-Wimplicit-function-declaration]
  156 |  if( isButton3Pressed() == 1 ) {
      |      ^~~~~~~~~~~~~~~~
../Core/Src/fsm.c: In function 'fsmButton':
../Core/Src/fsm.c:213:7: warning: implicit declaration of function 'isButton1Pressed' [-Wimplicit-function-declaration]
  213 |   if( isButton1Pressed() == 1 ) {
      |       ^~~~~~~~~~~~~~~~
arm-none-eabi-gcc -o "lab3_ex.elf" @"objects.list"   -mcpu=cortex-m3 -T"C:\Users\Acer\Desktop\DHBK\HK5\VXL\STM32\lab\lab_3\lab3_ex\STM32F103C6TX_FLASH.ld" --specs=nosys.specs -Wl,-Map="lab3_ex.map" -Wl,--gc-sections -static --specs=nano.specs -mfloat-abi=soft -mthumb -Wl,--start-group -lc -lm -Wl,--end-group
Finished building target: lab3_ex.elf
 
arm-none-eabi-size   lab3_ex.elf 
arm-none-eabi-objdump -h -S  lab3_ex.elf  > "lab3_ex.list"
arm-none-eabi-objcopy  -O ihex  lab3_ex.elf  "lab3_ex.hex"
   text	   data	    bss	    dec	    hex	filename
  11948	    116	   1732	  13796	   35e4	lab3_ex.elf
Finished building: default.size.stdout
 
Finished building: lab3_ex.hex
 
Finished building: lab3_ex.list
 

23:13:25 Build Finished. 0 errors, 3 warnings. (took 980ms)

